 
****************************************
Report : area
Design : soc_top_USE_INST_ROM1_SHADOW_BANKS2
Version: Q-2019.12-SP5-3
Date   : Thu Jul  2 16:11:32 2026
****************************************

Library(s) Used:

    scc55nll_hd_rvt_tt_v1p2_25c_basic (File: /home/yifengxin/smic55_rvt_lib/synopsys/1.2v/scc55nll_hd_rvt_tt_v1p2_25c_basic.db)

Number of ports:                         8782
Number of nets:                        108776
Number of cells:                       101064
Number of combinational cells:          62961
Number of sequential cells:             37755
Number of macros/black boxes:               0
Number of buf/inv:                       9580
Number of references:                      11

Combinational area:             128524.199783
Buf/Inv area:                    10080.839973
Noncombinational area:          255346.284355
Macro/Black Box area:                0.000000
Net Interconnect area:      undefined  (No wire load specified)

Total cell area:                383870.484138
Total area:                 undefined

Hierarchical area distribution
------------------------------

                                  Global cell area              Local cell area
                                  --------------------  -------------------------------- 
Hierarchical cell                 Absolute     Percent  Combi-       Noncombi-    Black-
                                  Total        Total    national     national     boxes   Design
--------------------------------  -----------  -------  -----------  -----------  ------  -----------------------------------------------------------------
soc_top_USE_INST_ROM1_SHADOW_BANKS2
                                  383870.4841    100.0       1.9600       0.0000  0.0000  soc_top_USE_INST_ROM1_SHADOW_BANKS2
gen_inst_rom.u_inst_rom               12.3200      0.0      12.3200       0.0000  0.0000  inst_rom
u_bus_arbiter                        812.0000      0.2     454.4400     357.5600  0.0000  bus_arbiter
u_core                             48152.1599     12.5     221.7600       0.0000  0.0000  core_top_0_2_0
u_core/sub_657                        98.2800      0.0      98.2800       0.0000  0.0000  core_top_0_2_0_DW01_sub_0_DW01_sub_6
u_core/u_bank_controller              20.4400      0.0      20.4400       0.0000  0.0000  bank_controller_SHADOW_BANKS2_OVERFLOW_POLICY0
u_core/u_csr_instructions            170.2400      0.0     170.2400       0.0000  0.0000  csr_instructions
u_core/u_csr_regfile                4047.6800      1.1    1207.0800    2347.2400  0.0000  csr_regfile
u_core/u_csr_regfile/add_123         246.6800      0.1     246.6800       0.0000  0.0000  csr_regfile_DW01_inc_1_DW01_inc_15
u_core/u_csr_regfile/add_124         246.6800      0.1     246.6800       0.0000  0.0000  csr_regfile_DW01_inc_0_DW01_inc_14
u_core/u_ex_mem_reg                 1477.0000      0.4     459.7600    1017.2400  0.0000  ex_mem_reg
u_core/u_ex_top                     4412.2400      1.1     576.5200       0.0000  0.0000  ex_top
u_core/u_ex_top/add_162              278.6000      0.1     278.6000       0.0000  0.0000  ex_top_DW01_add_2_DW01_add_4
u_core/u_ex_top/add_163              275.8000      0.1     275.8000       0.0000  0.0000  ex_top_DW01_add_1_DW01_add_3
u_core/u_ex_top/add_184              126.0000      0.0     126.0000       0.0000  0.0000  ex_top_DW01_add_0_DW01_add_2
u_core/u_ex_top/u_alu               2550.2400      0.7     795.4800       0.0000  0.0000  alu
u_core/u_ex_top/u_alu/add_46         278.6000      0.1     278.6000       0.0000  0.0000  alu_DW01_add_0_DW01_add_6
u_core/u_ex_top/u_alu/sll_50         440.1600      0.1     440.1600       0.0000  0.0000  alu_DW01_ash_0
u_core/u_ex_top/u_alu/sra_52         359.2400      0.1     359.2400       0.0000  0.0000  alu_DW_rash_0
u_core/u_ex_top/u_alu/srl_51         339.0800      0.1     339.0800       0.0000  0.0000  alu_DW_rash_1
u_core/u_ex_top/u_alu/sub_47         337.6800      0.1     337.6800       0.0000  0.0000  alu_DW01_sub_0_DW01_sub_7
u_core/u_ex_top/u_branch             605.0800      0.2     175.8400       0.0000  0.0000  branch
u_core/u_ex_top/u_branch/add_85      278.6000      0.1     278.6000       0.0000  0.0000  branch_DW01_add_0_DW01_add_5
u_core/u_ex_top/u_branch/r66         150.6400      0.0     150.6400       0.0000  0.0000  branch_DW01_cmp6_0_DW01_cmp6_2
u_core/u_forwarding_unit              88.7600      0.0      88.7600       0.0000  0.0000  forwarding_unit
u_core/u_hazard_unit                  46.4800      0.0      46.4800       0.0000  0.0000  hazard_unit_0
u_core/u_id_ex_reg                  1618.1200      0.4     500.6400    1117.4800  0.0000  id_ex_reg
u_core/u_id_top                    31459.6799      8.2       9.8000       0.0000  0.0000  id_top_SHADOW_BANKS2
u_core/u_id_top/u_ctrl                19.0400      0.0      19.0400       0.0000  0.0000  ctrl
u_core/u_id_top/u_decoder             66.3600      0.0      66.3600       0.0000  0.0000  decoder
u_core/u_id_top/u_imm_gen            110.8800      0.0     110.8800       0.0000  0.0000  imm_gen
u_core/u_id_top/u_regfile          31253.5999      8.1   13011.0401   18242.5598  0.0000  regfile_SHADOW_EN1_SHADOW_BANKS2
u_core/u_if_id_reg                   558.8800      0.1     179.4800     379.4000  0.0000  if_id_reg
u_core/u_ifu_top                     612.6400      0.2     207.7600       0.0000  0.0000  ifu_top_0
u_core/u_ifu_top/r56                 125.7200      0.0     125.7200       0.0000  0.0000  ifu_top_0_DW01_add_0_DW01_add_7
u_core/u_ifu_top/u_pc_reg            279.1600      0.1      91.0000     188.1600  0.0000  pc_reg
u_core/u_interrupt_controller        266.5600      0.1      94.9200      26.8800  0.0000  interrupt_controller
u_core/u_interrupt_controller/add_108_aco
                                     144.7600      0.0     144.7600       0.0000  0.0000  interrupt_controller_DW01_add_0_DW01_add_8
u_core/u_interrupt_pipeline         1724.2400      0.4     645.6800     948.0800  0.0000  interrupt_pipeline_SHADOW_BANKS2
u_core/u_interrupt_pipeline/add_90_aco
                                     130.4800      0.0     130.4800       0.0000  0.0000  interrupt_pipeline_SHADOW_BANKS2_DW01_add_0_DW01_add_1
u_core/u_mem_top                       1.4000      0.0       1.4000       0.0000  0.0000  mem_top
u_core/u_mem_wb_reg                 1159.2000      0.3     353.6400     805.5600  0.0000  mem_wb_reg
u_core/u_wb_top                      168.5600      0.0       0.0000       0.0000  0.0000  wb_top
u_core/u_wb_top/u_wb_mux             168.5600      0.0     168.5600       0.0000  0.0000  wb_mux
u_data_ram                        325480.1242     84.8  100691.6398  224788.4844  0.0000  data_ram
u_gpio                              2450.0000      0.6     935.7600    1514.2400  0.0000  gpio
u_i2c_master                        1061.7600      0.3     502.8800     500.3600  0.0000  i2c_master
u_i2c_master/add_126                  58.5200      0.0      58.5200       0.0000  0.0000  i2c_master_DW01_inc_0_DW01_inc_5
u_spi_flash                          677.6000      0.2     247.8000     402.6400  0.0000  spi_flash_ctrl
u_spi_flash/add_109                   27.1600      0.0      27.1600       0.0000  0.0000  spi_flash_ctrl_DW01_inc_0_DW01_inc_8
u_spi_master                        1166.4800      0.3     575.6800     532.2800  0.0000  spi_master
u_spi_master/add_123                  58.5200      0.0      58.5200       0.0000  0.0000  spi_master_DW01_inc_1_DW01_inc_7
u_timer                              973.8400      0.3     459.4800     409.3600  0.0000  timer
u_timer/sub_85                       105.0000      0.0     105.0000       0.0000  0.0000  timer_DW01_dec_0_DW01_dec_3
u_uart_ctrl                         3082.2400      0.8     875.8400    1228.0800  0.0000  uart_ctrl_CLK_FREQ200000000_BAUD_RATE115200
u_uart_ctrl/add_178                   23.2400      0.0      23.2400       0.0000  0.0000  uart_ctrl_CLK_FREQ200000000_BAUD_RATE115200_DW01_inc_0_DW01_inc_9
u_uart_ctrl/u_uart_rx                418.0400      0.1     105.0000     254.5200  0.0000  uart_rx_CLK_FREQ200000000_BAUD_RATE115200
u_uart_ctrl/u_uart_rx/r79             58.5200      0.0      58.5200       0.0000  0.0000  uart_rx_CLK_FREQ200000000_BAUD_RATE115200_DW01_inc_0_DW01_inc_12
u_uart_ctrl/u_uart_tx                537.0400      0.1     129.6400     286.1600  0.0000  uart_tx_CLK_FREQ200000000_BAUD_RATE115200
u_uart_ctrl/u_uart_tx/r87            121.2400      0.0     121.2400       0.0000  0.0000  uart_tx_CLK_FREQ200000000_BAUD_RATE115200_DW01_inc_0_DW01_inc_13
--------------------------------  -----------  -------  -----------  -----------  ------  -----------------------------------------------------------------
Total                                                   128524.1998  255346.2844  0.0000

1
