 
****************************************
Report : timing
        -path full
        -delay max
        -max_paths 1
Design : soc_top_USE_INST_ROM1_SHADOW_BANKS2
Version: Q-2019.12-SP5-3
Date   : Thu Jul  2 16:11:32 2026
****************************************

 # A fanout number of 1000 was used for high fanout net computations.

Operating Conditions: tt_v1p2_25c   Library: scc55nll_hd_rvt_tt_v1p2_25c_basic
Wire Load Model Mode: top

  Startpoint: u_core/u_if_id_reg/id_instr_o_reg[20]
              (rising edge-triggered flip-flop clocked by clk)
  Endpoint: u_core/u_ex_mem_reg/mem_alu_result_o_reg[31]
            (rising edge-triggered flip-flop clocked by clk)
  Path Group: clk
  Path Type: max

  Point                                                   Incr       Path
  --------------------------------------------------------------------------
  clock clk (rise edge)                                   0.00       0.00
  clock network delay (ideal)                             0.00       0.00
  u_core/u_if_id_reg/id_instr_o_reg[20]/CK (DQHDV2)       0.00 #     0.00 r
  u_core/u_if_id_reg/id_instr_o_reg[20]/Q (DQHDV2)        0.12       0.12 r
  u_core/u_if_id_reg/U17/ZN (INHDV2)                      0.02       0.14 f
  u_core/u_if_id_reg/U4/ZN (INHDV4)                       0.05       0.20 r
  u_core/u_if_id_reg/id_instr_o[20] (if_id_reg)           0.00       0.20 r
  u_core/u_id_top/instr[20] (id_top_SHADOW_BANKS2)        0.00       0.20 r
  u_core/u_id_top/u_decoder/instr_i[20] (decoder)         0.00       0.20 r
  u_core/u_id_top/u_decoder/rs2_addr_o[0] (decoder)       0.00       0.20 r
  u_core/u_id_top/rs2_addr_o[0] (id_top_SHADOW_BANKS2)
                                                          0.00       0.20 r
  u_core/u_hazard_unit/id_rs2_addr_i[0] (hazard_unit_0)
                                                          0.00       0.20 r
  u_core/u_hazard_unit/U13/Z (XOR2HDV2)                   0.07       0.26 r
  u_core/u_hazard_unit/U2/ZN (NOR3HDV4)                   0.02       0.28 f
  u_core/u_hazard_unit/U8/ZN (AOI33HDV2)                  0.07       0.35 r
  u_core/u_hazard_unit/U3/ZN (NOR2HDV4)                   0.04       0.39 f
  u_core/u_hazard_unit/stall_id_o (hazard_unit_0)         0.00       0.39 f
  u_core/u_forwarding_unit/stall_i (forwarding_unit)      0.00       0.39 f
  u_core/u_forwarding_unit/U3/ZN (AOI211HDV4)             0.06       0.45 r
  u_core/u_forwarding_unit/U12/ZN (NAND4HDV0)             0.07       0.52 f
  u_core/u_forwarding_unit/U11/ZN (NOR2HDV2)              0.06       0.58 r
  u_core/u_forwarding_unit/forwardA_o[1] (forwarding_unit)
                                                          0.00       0.58 r
  u_core/u_ex_top/forwardA_i[1] (ex_top)                  0.00       0.58 r
  u_core/u_ex_top/U6/ZN (XNOR2HDV4)                       0.11       0.69 f
  u_core/u_ex_top/U208/ZN (AOI222HDV4)                    0.10       0.79 r
  u_core/u_ex_top/U292/ZN (IOA22HDV4)                     0.05       0.84 f
  u_core/u_ex_top/u_alu/op1_i[0] (alu)                    0.00       0.84 f
  u_core/u_ex_top/u_alu/U9/ZN (CLKNHDV4)                  0.02       0.87 r
  u_core/u_ex_top/u_alu/U7/ZN (INHDV2)                    0.02       0.88 f
  u_core/u_ex_top/u_alu/sub_47/A[0] (alu_DW01_sub_0_DW01_sub_7)
                                                          0.00       0.88 f
  u_core/u_ex_top/u_alu/sub_47/U16/ZN (CLKNHDV1)          0.02       0.91 r
  u_core/u_ex_top/u_alu/sub_47/U1/ZN (CLKNAND2HDV4)       0.03       0.94 f
  u_core/u_ex_top/u_alu/sub_47/U107/ZN (IAO21HDV2)        0.07       1.01 f
  u_core/u_ex_top/u_alu/sub_47/U79/Z (AO21HDV2)           0.10       1.10 f
  u_core/u_ex_top/u_alu/sub_47/U91/ZN (IAO21HDV2)         0.07       1.18 f
  u_core/u_ex_top/u_alu/sub_47/U80/ZN (INAND2HDV2)        0.07       1.25 f
  u_core/u_ex_top/u_alu/sub_47/U96/ZN (IAO21HDV2)         0.08       1.33 f
  u_core/u_ex_top/u_alu/sub_47/U12/ZN (INAND2HDV8)        0.05       1.38 f
  u_core/u_ex_top/u_alu/sub_47/U99/ZN (IAO21HDV2)         0.07       1.45 f
  u_core/u_ex_top/u_alu/sub_47/U6/Z (AO21HDV4)            0.10       1.55 f
  u_core/u_ex_top/u_alu/sub_47/U93/ZN (IAO21HDV2)         0.07       1.62 f
  u_core/u_ex_top/u_alu/sub_47/U78/Z (AO21HDV2)           0.10       1.72 f
  u_core/u_ex_top/u_alu/sub_47/U100/ZN (IAO21HDV2)        0.07       1.79 f
  u_core/u_ex_top/u_alu/sub_47/U77/Z (AO21HDV2)           0.10       1.90 f
  u_core/u_ex_top/u_alu/sub_47/U101/ZN (IAO21HDV2)        0.07       1.97 f
  u_core/u_ex_top/u_alu/sub_47/U33/Z (AO21HDV0)           0.11       2.08 f
  u_core/u_ex_top/u_alu/sub_47/U31/ZN (IAO21HDV2)         0.08       2.16 f
  u_core/u_ex_top/u_alu/sub_47/U29/ZN (NOR2HDV4)          0.06       2.22 r
  u_core/u_ex_top/u_alu/sub_47/U102/ZN (AOI21HDV4)        0.04       2.26 f
  u_core/u_ex_top/u_alu/sub_47/U103/ZN (IAO21HDV4)        0.07       2.33 r
  u_core/u_ex_top/u_alu/sub_47/U8/ZN (AOI21HDV4)          0.04       2.38 f
  u_core/u_ex_top/u_alu/sub_47/U37/ZN (IAO21HDV2)         0.05       2.42 r
  u_core/u_ex_top/u_alu/sub_47/U69/ZN (AOI21HDV2)         0.04       2.47 f
  u_core/u_ex_top/u_alu/sub_47/U68/ZN (IAO21HDV2)         0.05       2.52 r
  u_core/u_ex_top/u_alu/sub_47/U109/ZN (AOI21HDV2)        0.04       2.56 f
  u_core/u_ex_top/u_alu/sub_47/U5/ZN (IAO21HDV4)          0.07       2.63 r
  u_core/u_ex_top/u_alu/sub_47/U4/ZN (AOI21HDV4)          0.04       2.68 f
  u_core/u_ex_top/u_alu/sub_47/U42/ZN (IAO21HDV2)         0.05       2.73 r
  u_core/u_ex_top/u_alu/sub_47/U72/ZN (AOI21HDV2)         0.05       2.77 f
  u_core/u_ex_top/u_alu/sub_47/U71/ZN (IAO21HDV2)         0.05       2.82 r
  u_core/u_ex_top/u_alu/sub_47/U95/ZN (AOI21HDV2)         0.05       2.87 f
  u_core/u_ex_top/u_alu/sub_47/U39/ZN (IAO21HDV2)         0.05       2.92 r
  u_core/u_ex_top/u_alu/sub_47/U51/ZN (AOI21HDV2)         0.05       2.96 f
  u_core/u_ex_top/u_alu/sub_47/U50/ZN (IAO21HDV2)         0.05       3.01 r
  u_core/u_ex_top/u_alu/sub_47/U45/ZN (AOI21HDV2)         0.05       3.06 f
  u_core/u_ex_top/u_alu/sub_47/U7/ZN (IAO21HDV1)          0.07       3.13 r
  u_core/u_ex_top/u_alu/sub_47/U55/ZN (IAO21HDV2)         0.09       3.22 r
  u_core/u_ex_top/u_alu/sub_47/U53/ZN (AOI21HDV2)         0.06       3.28 f
  u_core/u_ex_top/u_alu/sub_47/U2/ZN (IAO21HDV4)          0.06       3.34 r
  u_core/u_ex_top/u_alu/sub_47/U59/ZN (AOI21HDV2)         0.05       3.39 f
  u_core/u_ex_top/u_alu/sub_47/U58/ZN (IAO21HDV2)         0.05       3.44 r
  u_core/u_ex_top/u_alu/sub_47/U48/ZN (AOI21HDV2)         0.05       3.49 f
  u_core/u_ex_top/u_alu/sub_47/U47/ZN (IAO21HDV2)         0.05       3.53 r
  u_core/u_ex_top/u_alu/sub_47/U74/ZN (AOI21HDV2)         0.04       3.58 f
  u_core/u_ex_top/u_alu/sub_47/U14/ZN (IAO21HDV4)         0.06       3.64 r
  u_core/u_ex_top/u_alu/sub_47/U10/ZN (AOI21HDV2)         0.04       3.68 f
  u_core/u_ex_top/u_alu/sub_47/U9/ZN (IAO21HDV2)          0.07       3.75 r
  u_core/u_ex_top/u_alu/sub_47/U108/ZN (AOI21HDV2)        0.05       3.80 f
  u_core/u_ex_top/u_alu/sub_47/U64/ZN (IAO21HDV2)         0.07       3.88 r
  u_core/u_ex_top/u_alu/sub_47/U98/ZN (AOI21HDV2)         0.05       3.92 f
  u_core/u_ex_top/u_alu/sub_47/U62/ZN (IAO21HDV2)         0.07       4.00 r
  u_core/u_ex_top/u_alu/sub_47/U97/ZN (AOI21HDV2)         0.05       4.04 f
  u_core/u_ex_top/u_alu/sub_47/U66/ZN (IAO21HDV2)         0.07       4.12 r
  u_core/u_ex_top/u_alu/sub_47/U106/ZN (AOI21HDV2)        0.05       4.17 f
  u_core/u_ex_top/u_alu/sub_47/U11/ZN (IAO21HDV2)         0.07       4.24 r
  u_core/u_ex_top/u_alu/sub_47/U105/ZN (AOI21HDV2)        0.05       4.29 f
  u_core/u_ex_top/u_alu/sub_47/U127/ZN (IAO21HDV0)        0.06       4.35 r
  u_core/u_ex_top/u_alu/sub_47/U123/Z (AO21HDV0)          0.07       4.42 r
  u_core/u_ex_top/u_alu/sub_47/U104/ZN (OAI21HDV2)        0.04       4.46 f
  u_core/u_ex_top/u_alu/sub_47/U110/ZN (IAO21HDV2)        0.07       4.53 f
  u_core/u_ex_top/u_alu/sub_47/U120/ZN (AOI21HDV0)        0.06       4.59 r
  u_core/u_ex_top/u_alu/sub_47/U85/ZN (INHDV1)            0.02       4.61 f
  u_core/u_ex_top/u_alu/sub_47/U30/ZN (NAND2HDV1)         0.02       4.63 r
  u_core/u_ex_top/u_alu/sub_47/U15/ZN (CLKNAND2HDV1)      0.02       4.66 f
  u_core/u_ex_top/u_alu/sub_47/DIFF[31] (alu_DW01_sub_0_DW01_sub_7)
                                                          0.00       4.66 f
  u_core/u_ex_top/u_alu/U23/ZN (NAND2HDV1)                0.02       4.68 r
  u_core/u_ex_top/u_alu/U30/Z (AND3HDV2)                  0.07       4.75 r
  u_core/u_ex_top/u_alu/U59/ZN (NAND3HDV2)                0.05       4.80 f
  u_core/u_ex_top/u_alu/U36/ZN (NAND2HDV1)                0.03       4.83 r
  u_core/u_ex_top/u_alu/U34/ZN (CLKNAND2HDV1)             0.04       4.87 f
  u_core/u_ex_top/u_alu/result_o[31] (alu)                0.00       4.87 f
  u_core/u_ex_top/alu_result_o[31] (ex_top)               0.00       4.87 f
  u_core/u_ex_mem_reg/ex_alu_result_i[31] (ex_mem_reg)
                                                          0.00       4.87 f
  u_core/u_ex_mem_reg/U30/Z (AO22HDV2)                    0.08       4.96 f
  u_core/u_ex_mem_reg/mem_alu_result_o_reg[31]/D (DQHDV0)
                                                          0.00       4.96 f
  data arrival time                                                  4.96

  clock clk (rise edge)                                   5.00       5.00
  clock network delay (ideal)                             0.00       5.00
  u_core/u_ex_mem_reg/mem_alu_result_o_reg[31]/CK (DQHDV0)
                                                          0.00       5.00 r
  library setup time                                     -0.04       4.96
  data required time                                                 4.96
  --------------------------------------------------------------------------
  data required time                                                 4.96
  data arrival time                                                 -4.96
  --------------------------------------------------------------------------
  slack (MET)                                                        0.00


1
