 
****************************************
Report : timing
        -path full
        -delay max
        -max_paths 1
Design : soc_top_USE_INST_ROM1_SHADOW_BANKS1
Version: Q-2019.12-SP5-3
Date   : Thu Jul  2 16:00:56 2026
****************************************

 # A fanout number of 1000 was used for high fanout net computations.

Operating Conditions: tt_v1p2_25c   Library: scc55nll_hd_rvt_tt_v1p2_25c_basic
Wire Load Model Mode: top

  Startpoint: u_core/u_if_id_reg/id_instr_o_reg[24]
              (rising edge-triggered flip-flop clocked by clk)
  Endpoint: u_core/u_ex_mem_reg/mem_alu_result_o_reg[31]
            (rising edge-triggered flip-flop clocked by clk)
  Path Group: clk
  Path Type: max

  Point                                                   Incr       Path
  --------------------------------------------------------------------------
  clock clk (rise edge)                                   0.00       0.00
  clock network delay (ideal)                             0.00       0.00
  u_core/u_if_id_reg/id_instr_o_reg[24]/CK (DQHDV4)       0.00 #     0.00 r
  u_core/u_if_id_reg/id_instr_o_reg[24]/Q (DQHDV4)        0.16       0.16 r
  u_core/u_if_id_reg/id_instr_o[24] (if_id_reg)           0.00       0.16 r
  u_core/u_id_top/instr[24] (id_top_SHADOW_BANKS1)        0.00       0.16 r
  u_core/u_id_top/u_decoder/instr_i[24] (decoder)         0.00       0.16 r
  u_core/u_id_top/u_decoder/rs2_addr_o[4] (decoder)       0.00       0.16 r
  u_core/u_id_top/rs2_addr_o[4] (id_top_SHADOW_BANKS1)
                                                          0.00       0.16 r
  u_core/u_hazard_unit/id_rs2_addr_i[4] (hazard_unit_0)
                                                          0.00       0.16 r
  u_core/u_hazard_unit/U21/ZN (XNOR2HDV2)                 0.11       0.26 f
  u_core/u_hazard_unit/U5/ZN (AOI33HDV4)                  0.08       0.34 r
  u_core/u_hazard_unit/U2/ZN (NOR2HDV8)                   0.03       0.37 f
  u_core/u_hazard_unit/stall_id_o (hazard_unit_0)         0.00       0.37 f
  u_core/u_forwarding_unit/stall_i (forwarding_unit)      0.00       0.37 f
  u_core/u_forwarding_unit/U7/ZN (AOI211HDV4)             0.06       0.44 r
  u_core/u_forwarding_unit/U9/ZN (NAND4HDV2)              0.07       0.50 f
  u_core/u_forwarding_unit/U18/ZN (NOR2HDV2)              0.05       0.56 r
  u_core/u_forwarding_unit/forwardB_o[1] (forwarding_unit)
                                                          0.00       0.56 r
  u_core/u_ex_top/forwardB_i[1] (ex_top)                  0.00       0.56 r
  u_core/u_ex_top/U13/ZN (XNOR2HDV4)                      0.12       0.67 f
  u_core/u_ex_top/U12/ZN (AOI222HDV4)                     0.10       0.77 r
  u_core/u_ex_top/U11/ZN (IOA22HDV4)                      0.04       0.81 f
  u_core/u_ex_top/u_alu/op2_i[0] (alu)                    0.00       0.81 f
  u_core/u_ex_top/u_alu/U30/ZN (INHDV2)                   0.04       0.85 r
  u_core/u_ex_top/u_alu/U29/ZN (CLKNHDV6)                 0.06       0.92 f
  u_core/u_ex_top/u_alu/add_46/B[0] (alu_DW01_add_0_DW01_add_6)
                                                          0.00       0.92 f
  u_core/u_ex_top/u_alu/add_46/U1/Z (AND2HDV0)            0.08       0.99 f
  u_core/u_ex_top/u_alu/add_46/U124/ZN (OAI21HDV0)        0.05       1.04 r
  u_core/u_ex_top/u_alu/add_46/U123/ZN (IOA21HDV0)        0.07       1.11 f
  u_core/u_ex_top/u_alu/add_46/U122/ZN (OAI21HDV0)        0.06       1.17 r
  u_core/u_ex_top/u_alu/add_46/U121/ZN (IOA21HDV0)        0.07       1.24 f
  u_core/u_ex_top/u_alu/add_46/U17/ZN (OAI21HDV2)         0.06       1.30 r
  u_core/u_ex_top/u_alu/add_46/U4/ZN (IOA21HDV2)          0.06       1.35 f
  u_core/u_ex_top/u_alu/add_46/U2/ZN (OAI21HDV2)          0.05       1.40 r
  u_core/u_ex_top/u_alu/add_46/U120/ZN (IOA21HDV0)        0.07       1.48 f
  u_core/u_ex_top/u_alu/add_46/U119/ZN (OAI21HDV0)        0.06       1.54 r
  u_core/u_ex_top/u_alu/add_46/U118/ZN (IOA21HDV0)        0.07       1.61 f
  u_core/u_ex_top/u_alu/add_46/U117/ZN (OAI21HDV0)        0.06       1.67 r
  u_core/u_ex_top/u_alu/add_46/U116/ZN (IOA21HDV0)        0.07       1.74 f
  u_core/u_ex_top/u_alu/add_46/U19/ZN (OAI21HDV2)         0.06       1.80 r
  u_core/u_ex_top/u_alu/add_46/U3/ZN (IOA21HDV2)          0.06       1.86 f
  u_core/u_ex_top/u_alu/add_46/U8/ZN (OAI21HDV2)          0.05       1.91 r
  u_core/u_ex_top/u_alu/add_46/U7/ZN (IOA21HDV2)          0.06       1.97 f
  u_core/u_ex_top/u_alu/add_46/U115/ZN (OAI21HDV0)        0.06       2.03 r
  u_core/u_ex_top/u_alu/add_46/U6/ZN (IOA21HDV2)          0.06       2.08 f
  u_core/u_ex_top/u_alu/add_46/U25/ZN (OAI21HDV2)         0.05       2.14 r
  u_core/u_ex_top/u_alu/add_46/U112/ZN (IOA21HDV0)        0.07       2.21 f
  u_core/u_ex_top/u_alu/add_46/U109/ZN (OAI21HDV0)        0.06       2.27 r
  u_core/u_ex_top/u_alu/add_46/U108/ZN (IOA21HDV0)        0.07       2.34 f
  u_core/u_ex_top/u_alu/add_46/U105/ZN (OAI21HDV0)        0.06       2.40 r
  u_core/u_ex_top/u_alu/add_46/U24/ZN (IOA21HDV2)         0.06       2.46 f
  u_core/u_ex_top/u_alu/add_46/U23/ZN (OAI21HDV2)         0.05       2.51 r
  u_core/u_ex_top/u_alu/add_46/U102/ZN (IOA21HDV0)        0.07       2.58 f
  u_core/u_ex_top/u_alu/add_46/U99/ZN (OAI21HDV0)         0.06       2.64 r
  u_core/u_ex_top/u_alu/add_46/U98/ZN (IOA21HDV0)         0.07       2.71 f
  u_core/u_ex_top/u_alu/add_46/U95/ZN (OAI21HDV0)         0.06       2.77 r
  u_core/u_ex_top/u_alu/add_46/U94/ZN (IOA21HDV0)         0.07       2.84 f
  u_core/u_ex_top/u_alu/add_46/U91/ZN (OAI21HDV0)         0.06       2.90 r
  u_core/u_ex_top/u_alu/add_46/U90/ZN (IOA21HDV0)         0.07       2.97 f
  u_core/u_ex_top/u_alu/add_46/U22/ZN (OAI21HDV2)         0.06       3.03 r
  u_core/u_ex_top/u_alu/add_46/U86/ZN (IOA21HDV0)         0.06       3.09 f
  u_core/u_ex_top/u_alu/add_46/U83/ZN (OAI21HDV0)         0.06       3.15 r
  u_core/u_ex_top/u_alu/add_46/U21/ZN (IOA21HDV2)         0.05       3.20 f
  u_core/u_ex_top/u_alu/add_46/U20/ZN (OAI21HDV2)         0.05       3.25 r
  u_core/u_ex_top/u_alu/add_46/U78/ZN (IOA21HDV0)         0.06       3.31 f
  u_core/u_ex_top/u_alu/add_46/U75/ZN (OAI21HDV0)         0.06       3.37 r
  u_core/u_ex_top/u_alu/add_46/U5/ZN (IOA21HDV2)          0.05       3.42 f
  u_core/u_ex_top/u_alu/add_46/U11/ZN (OAI21HDV2)         0.05       3.47 r
  u_core/u_ex_top/u_alu/add_46/U10/ZN (IOA21HDV2)         0.05       3.53 f
  u_core/u_ex_top/u_alu/add_46/U18/ZN (OAI21HDV2)         0.05       3.58 r
  u_core/u_ex_top/u_alu/add_46/U70/ZN (IOA21HDV0)         0.06       3.64 f
  u_core/u_ex_top/u_alu/add_46/U67/ZN (OAI21HDV0)         0.06       3.69 r
  u_core/u_ex_top/u_alu/add_46/U66/ZN (IOA21HDV0)         0.06       3.76 f
  u_core/u_ex_top/u_alu/add_46/U63/ZN (OAI21HDV0)         0.06       3.81 r
  u_core/u_ex_top/u_alu/add_46/U62/ZN (IOA21HDV0)         0.06       3.87 f
  u_core/u_ex_top/u_alu/add_46/U59/ZN (OAI21HDV0)         0.06       3.93 r
  u_core/u_ex_top/u_alu/add_46/U58/ZN (IOA21HDV0)         0.06       3.99 f
  u_core/u_ex_top/u_alu/add_46/U55/ZN (OAI21HDV0)         0.06       4.05 r
  u_core/u_ex_top/u_alu/add_46/U54/ZN (IOA21HDV0)         0.06       4.11 f
  u_core/u_ex_top/u_alu/add_46/U14/ZN (OAI21HDV2)         0.05       4.17 r
  u_core/u_ex_top/u_alu/add_46/U9/ZN (IOA21HDV2)          0.05       4.22 f
  u_core/u_ex_top/u_alu/add_46/U13/ZN (OAI21HDV2)         0.05       4.27 r
  u_core/u_ex_top/u_alu/add_46/U49/ZN (IOA21HDV0)         0.06       4.33 f
  u_core/u_ex_top/u_alu/add_46/U44/ZN (OAI21HDV0)         0.06       4.39 r
  u_core/u_ex_top/u_alu/add_46/U16/ZN (IOA21HDV2)         0.05       4.44 f
  u_core/u_ex_top/u_alu/add_46/U15/ZN (OAI21HDV2)         0.05       4.49 r
  u_core/u_ex_top/u_alu/add_46/U41/ZN (IOA21HDV0)         0.04       4.53 f
  u_core/u_ex_top/u_alu/add_46/U40/ZN (XNOR2HDV0)         0.10       4.63 f
  u_core/u_ex_top/u_alu/add_46/SUM[31] (alu_DW01_add_0_DW01_add_6)
                                                          0.00       4.63 f
  u_core/u_ex_top/u_alu/U21/ZN (CLKNAND2HDV1)             0.03       4.66 r
  u_core/u_ex_top/u_alu/U23/Z (AND3HDV2)                  0.07       4.72 r
  u_core/u_ex_top/u_alu/U47/ZN (NAND3HDV2)                0.05       4.77 f
  u_core/u_ex_top/u_alu/U52/Z (AO22HDV2)                  0.10       4.87 f
  u_core/u_ex_top/u_alu/result_o[31] (alu)                0.00       4.87 f
  u_core/u_ex_top/alu_result_o[31] (ex_top)               0.00       4.87 f
  u_core/u_ex_mem_reg/ex_alu_result_i[31] (ex_mem_reg)
                                                          0.00       4.87 f
  u_core/u_ex_mem_reg/U29/Z (AO22HDV2)                    0.08       4.95 f
  u_core/u_ex_mem_reg/mem_alu_result_o_reg[31]/D (DQHDV0)
                                                          0.00       4.95 f
  data arrival time                                                  4.95

  clock clk (rise edge)                                   5.00       5.00
  clock network delay (ideal)                             0.00       5.00
  u_core/u_ex_mem_reg/mem_alu_result_o_reg[31]/CK (DQHDV0)
                                                          0.00       5.00 r
  library setup time                                     -0.04       4.96
  data required time                                                 4.96
  --------------------------------------------------------------------------
  data required time                                                 4.96
  data arrival time                                                 -4.95
  --------------------------------------------------------------------------
  slack (MET)                                                        0.00


1
