 
****************************************
Report : power
        -hier
        -analysis_effort low
Design : soc_top
Version: Q-2019.12-SP5-3
Date   : Wed Jun 10 21:10:16 2026
****************************************


Library(s) Used:

    scc55nll_hd_rvt_tt_v1p2_25c_basic (File: /home/yifengxin/smic55_rvt_lib/synopsys/1.2v/scc55nll_hd_rvt_tt_v1p2_25c_basic.db)


Operating Conditions: tt_v1p2_25c   Library: scc55nll_hd_rvt_tt_v1p2_25c_basic
Wire Load Model Mode: top


Global Operating Voltage = 1.2  
Power-specific unit information :
    Voltage Units = 1V
    Capacitance Units = 1.000000pf
    Time Units = 1ns
    Dynamic Power Units = 1mW    (derived from V,C,T units)
    Leakage Power Units = 1uW


--------------------------------------------------------------------------------
                                       Switch   Int      Leak     Total
Hierarchy                              Power    Power    Power    Power    %
--------------------------------------------------------------------------------
soc_top                                7.04e-02   71.386   18.197   71.475 100.0
  u_i2c_master (i2c_master)            8.57e-04    0.156 5.20e-02    0.156   0.2
    add_235 (i2c_master_DW01_inc_0_DW01_inc_4)
                                          0.000    0.000 4.96e-03 4.96e-06   0.0
  u_spi_master (spi_master)            1.61e-03    0.166 5.58e-02    0.168   0.2
    add_223 (spi_master_DW01_inc_1_DW01_inc_6)
                                          0.000    0.000 4.96e-03 4.96e-06   0.0
  u_timer (timer)                      1.11e-03    0.129 5.02e-02    0.130   0.2
    sub_86 (timer_DW01_dec_0_DW01_dec_1)
                                       9.65e-06 1.32e-05 5.37e-03 2.82e-05   0.0
  u_gpio (gpio)                        4.18e-03    0.478    0.114    0.483   0.7
  u_uart_ctrl (uart_ctrl_CLK_FREQ200000000_BAUD_RATE115200)
                                       4.20e-03    0.489    0.151    0.493   0.7
    add_232 (uart_ctrl_CLK_FREQ200000000_BAUD_RATE115200_DW01_inc_1_DW01_inc_8)
                                          0.000    0.000 1.03e-02 1.03e-05   0.0
    u_uart_tx (uart_tx_CLK_FREQ200000000_BAUD_RATE115200)
                                       2.35e-04 9.63e-02 3.27e-02 9.66e-02   0.1
      r87 (uart_tx_CLK_FREQ200000000_BAUD_RATE115200_DW01_inc_0_DW01_inc_11)
                                          0.000    0.000 1.03e-02 1.03e-05   0.0
  u_bus_arbiter (bus_arbiter)          1.02e-04 8.07e-02 2.65e-02 8.08e-02   0.1
  u_data_ram (data_ram)                7.86e-04   64.112   16.001   64.129  89.7
  u_inst_rom (inst_rom)                   0.000    0.000 1.23e-03 1.23e-06   0.0
  u_core (core_top)                    5.75e-02    5.778    1.737    5.837   8.2
    sub_607 (core_top_DW01_sub_0_DW01_sub_3)
                                       1.70e-03 1.95e-03 5.49e-03 3.66e-03   0.0
    u_interrupt_pipeline (interrupt_pipeline)
                                       3.53e-03    0.285 7.31e-02    0.289   0.4
    u_interrupt_controller (interrupt_controller)
                                       3.06e-06 2.30e-05 1.44e-02 4.04e-05   0.0
      add_97_aco (interrupt_controller_DW01_add_0_DW01_add_6)
                                       3.06e-06 2.25e-05 1.05e-02 3.61e-05   0.0
    u_csr_instructions (csr_instructions)
                                          0.000    0.000 4.68e-03 4.68e-06   0.0
    u_csr_regfile (csr_regfile)        4.22e-03    0.686    0.202    0.690   1.0
      add_124 (csr_regfile_DW01_inc_1_DW01_inc_13)
                                       2.15e-04 5.43e-04 2.09e-02 7.79e-04   0.0
      add_125 (csr_regfile_DW01_inc_0_DW01_inc_12)
                                       2.15e-04 5.43e-04 2.09e-02 7.79e-04   0.0
    u_wb_top (wb_top)                     0.000 1.25e-05 6.88e-03 1.94e-05   0.0
      u_wb_mux (wb_mux)                   0.000 1.25e-05 6.88e-03 1.94e-05   0.0
    u_mem_wb_reg (mem_wb_reg)          1.65e-03    0.252 5.73e-02    0.253   0.4
    u_mem_top (mem_top)                   0.000    0.000    0.000    0.000   0.0
    u_ex_mem_reg (ex_mem_reg)          2.30e-03    0.318 7.35e-02    0.320   0.4
    u_ex_top (ex_top)                  5.21e-04 3.77e-03    0.208 4.50e-03   0.0
      add_125 (ex_top_DW01_add_2)      1.89e-04 1.62e-03 2.07e-02 1.83e-03   0.0
      add_126 (ex_top_DW01_add_1)         0.000    0.000 2.09e-02 2.09e-05   0.0
      add_148 (ex_top_DW01_add_0)      1.60e-04 5.08e-04 8.89e-03 6.78e-04   0.0
      u_branch (branch)                1.68e-04 1.63e-03 3.68e-02 1.84e-03   0.0
        r66 (branch_DW01_cmp6_0_DW01_cmp6_1)
                                          0.000    0.000 7.62e-03 7.62e-06   0.0
        add_85 (branch_DW01_add_0_DW01_add_3)
                                       1.68e-04 1.62e-03 2.07e-02 1.81e-03   0.0
      u_alu (alu)                         0.000    0.000    0.102 1.02e-04   0.0
        add_45 (alu_DW01_add_0_DW01_add_4)
                                          0.000    0.000 2.12e-02 2.12e-05   0.0
        sub_46 (alu_DW01_sub_0_DW01_sub_4)
                                          0.000    0.000 2.59e-02 2.59e-05   0.0
        sll_49 (alu_DW01_ash_0)           0.000    0.000 2.70e-02 2.70e-05   0.0
    u_forwarding_unit (forwarding_unit)
                                          0.000    0.000 7.53e-03 7.53e-06   0.0
    u_hazard_unit (hazard_unit)           0.000    0.000 4.21e-03 4.21e-06   0.0
    u_id_ex_reg (id_ex_reg)            3.20e-03    0.349 8.00e-02    0.352   0.5
    u_id_top (id_top)                  3.70e-02    3.701    0.931    3.739   5.2
      u_ctrl (ctrl)                       0.000    0.000 2.05e-03 2.05e-06   0.0
      u_regfile (regfile_SHADOW_EN1)   3.70e-02    3.701    0.921    3.739   5.2
      u_imm_gen (imm_gen)              2.52e-07 2.34e-07 3.89e-03 4.37e-06   0.0
      u_decoder (decoder)                 0.000    0.000 2.97e-03 2.97e-06   0.0
    u_if_id_reg (if_id_reg)            1.19e-03    0.119 2.79e-02    0.121   0.2
    u_ifu_top (ifu_top)                2.20e-03 6.22e-02 3.10e-02 6.45e-02   0.1
      r54 (ifu_top_DW01_add_0_DW01_add_5)
                                       2.13e-04 6.21e-04 8.89e-03 8.43e-04   0.0
      u_pc_reg (pc_reg)                1.31e-03 6.01e-02 1.39e-02 6.14e-02   0.1
1
